
> photoo-passport-editor@1.0.0 build
> next build

node.exe :  ÔÜá 
Invalid 
next.config.js 
options detected: 
At C:\Program Files\n
odejs\npm.ps1:29 
char:3
+   & $NODE_EXE 
$NPM_CLI_JS $args
+   ~~~~~~~~~~~~~~~~~
~~~~~~~~~~~~
    + CategoryInfo   
           : NotSpe  
  cified: ( ÔÜá In   
 valid ne...ions     
detected: :Strin    
g) [], RemoteExc    
eption
    + FullyQualified 
   ErrorId : Native  
  CommandError
 
 ÔÜá     
Unrecognized key(s) 
in object: 'serverExt
ernalPackages'
 ÔÜá See more info 
here: https://nextjs.
org/docs/messages/inv
alid-next-config
  Ôû▓ Next.js 14.2.35
  - Experiments (use with caution):
    ┬À esmExternals

   Creating an optimized production build ...
 Ô£ô Compiled successfully
   Linting and checking validity of types ...

Failed to compile.

./components/Backgrou
ndRemoval.tsx
96:3  Warning: The 'r
emoveBackgroundFallba
ck' function makes 
the dependencies of 
useEffect Hook (at 
line 71) change on 
every render. To fix 
this, wrap the 
definition of 'remove
BackgroundFallback' 
in its own 
useCallback() Hook.  
react-hooks/exhaustiv
e-deps

./components/Footer.t
sx
143:15  Error: `"` 
can be escaped with 
`&quot;`, `&ldquo;`, 
`&#34;`, `&rdquo;`.  
react/no-unescaped-en
tities
143:77  Error: `"` 
can be escaped with 
`&quot;`, `&ldquo;`, 
`&#34;`, `&rdquo;`.  
react/no-unescaped-en
tities

./components/PhotoEdi
tor.tsx
163:17  Warning: 
Using `<img>` could 
result in slower LCP 
and higher 
bandwidth. Consider 
using `<Image />` 
from `next/image` to 
automatically 
optimize images. 
This may incur 
additional usage or 
cost from your 
provider. See: https:
//nextjs.org/docs/mes
sages/no-img-element 
 @next/next/no-img-el
ement

./components/PhotoUpl
oad.tsx
69:15  Warning: 
Using `<img>` could 
result in slower LCP 
and higher 
bandwidth. Consider 
using `<Image />` 
from `next/image` to 
automatically 
optimize images. 
This may incur 
additional usage or 
cost from your 
provider. See: https:
//nextjs.org/docs/mes
sages/no-img-element 
 @next/next/no-img-el
ement

./components/PrintLay
out.tsx
156:29  Error: `"` 
can be escaped with 
`&quot;`, `&ldquo;`, 
`&#34;`, `&rdquo;`.  
react/no-unescaped-en
tities
156:48  Error: `"` 
can be escaped with 
`&quot;`, `&ldquo;`, 
`&#34;`, `&rdquo;`.  
react/no-unescaped-en
tities

info  - Need to 
disable some ESLint 
rules? Learn more 
here: https://nextjs.
org/docs/basic-featur
es/eslint#disabling-r
ules
